// Jest Snapshot v1, https://goo.gl/fbAQLP

exports[`MenuCategory Snapshot with menus 1`] = `
<View
  style={Object {}}
>
  <RCTScrollView
    data={
      Array [
        Object {
          "data": Array [],
          "title": "category",
        },
      ]
    }
    disableVirtualization={false}
    getItem={[Function]}
    getItemCount={[Function]}
    horizontal={false}
    initialNumToRender={10}
    keyExtractor={[Function]}
    maxToRenderPerBatch={10}
    onContentSizeChange={[Function]}
    onEndReachedThreshold={2}
    onLayout={[Function]}
    onMomentumScrollEnd={[Function]}
    onScroll={[Function]}
    onScrollBeginDrag={[Function]}
    onScrollEndDrag={[Function]}
    renderItem={[Function]}
    renderSectionHeader={[Function]}
    scrollEventThrottle={50}
    sections={
      Array [
        Object {
          "data": Array [],
          "title": "category",
        },
      ]
    }
    stickyHeaderIndices={
      Array [
        0,
      ]
    }
    stickySectionHeadersEnabled={true}
    updateCellsBatchingPeriod={50}
    windowSize={21}
  >
    <View>
      <View
        onLayout={[Function]}
        style={null}
      >
        <Text
          style={
            Object {
              "fontSize": 25,
              "fontWeight": "bold",
              "marginBottom": 10,
              "marginTop": 10,
            }
          }
        >
          category
        </Text>
      </View>
      <View
        onLayout={[Function]}
        style={null}
      />
    </View>
  </RCTScrollView>
</View>
`;

exports[`MenuCategory Snapshot without menus 1`] = `
<View
  style={Object {}}
/>
`;
