// Jest Snapshot v1, https://goo.gl/fbAQLP

exports[`SocialLoginPanel Test Snapshot 1`] = `
Array [
  <View>
    <Text
      style={
        Object {
          "color": "#6d9cb5",
          "fontSize": 20,
          "fontWeight": "bold",
          "marginBottom": 15,
        }
      }
    >
      Social Login
    </Text>
  </View>,
  <View>
    SocialIcon
  </View>,
  <View>
    SocialIcon
  </View>,
]
`;
